  Determining projects to restore...
  All projects are up-to-date for restore.
D:\Desktop\AUCA\FINAL YEAR PROJECT\RASS\backend\Controllers\TransportersController.cs(111,31): warning CS8602: Dereference of a possibly null reference. [D:\Desktop\AUCA\FINAL YEAR PROJECT\RASS\backend\Rass.Api.csproj]
D:\Desktop\AUCA\FINAL YEAR PROJECT\RASS\backend\Controllers\TransportersController.cs(198,31): warning CS8602: Dereference of a possibly null reference. [D:\Desktop\AUCA\FINAL YEAR PROJECT\RASS\backend\Rass.Api.csproj]
D:\Desktop\AUCA\FINAL YEAR PROJECT\RASS\backend\Controllers\TransportersController.cs(271,31): warning CS8602: Dereference of a possibly null reference. [D:\Desktop\AUCA\FINAL YEAR PROJECT\RASS\backend\Rass.Api.csproj]
D:\Desktop\AUCA\FINAL YEAR PROJECT\RASS\backend\Controllers\PaymentsController.cs(119,31): warning CS8602: Dereference of a possibly null reference. [D:\Desktop\AUCA\FINAL YEAR PROJECT\RASS\backend\Rass.Api.csproj]
D:\Desktop\AUCA\FINAL YEAR PROJECT\RASS\backend\Controllers\PaymentsController.cs(133,21): warning CS8602: Dereference of a possibly null reference. [D:\Desktop\AUCA\FINAL YEAR PROJECT\RASS\backend\Rass.Api.csproj]
D:\Desktop\AUCA\FINAL YEAR PROJECT\RASS\backend\Controllers\CooperativeController.cs(250,29): error CS1061: 'Lot' does not contain a definition for 'LotContributions' and no accessible extension method 'LotContributions' accepting a first argument of type 'Lot' could be found (are you missing a using directive or an assembly reference?) [D:\Desktop\AUCA\FINAL YEAR PROJECT\RASS\backend\Rass.Api.csproj]
D:\Desktop\AUCA\FINAL YEAR PROJECT\RASS\backend\Controllers\CooperativeController.cs(289,29): error CS1061: 'Lot' does not contain a definition for 'LotContributions' and no accessible extension method 'LotContributions' accepting a first argument of type 'Lot' could be found (are you missing a using directive or an assembly reference?) [D:\Desktop\AUCA\FINAL YEAR PROJECT\RASS\backend\Rass.Api.csproj]
D:\Desktop\AUCA\FINAL YEAR PROJECT\RASS\backend\Controllers\GovernmentController.cs(189,35): warning CS8602: Dereference of a possibly null reference. [D:\Desktop\AUCA\FINAL YEAR PROJECT\RASS\backend\Rass.Api.csproj]

Build FAILED.

D:\Desktop\AUCA\FINAL YEAR PROJECT\RASS\backend\Controllers\TransportersController.cs(111,31): warning CS8602: Dereference of a possibly null reference. [D:\Desktop\AUCA\FINAL YEAR PROJECT\RASS\backend\Rass.Api.csproj]
D:\Desktop\AUCA\FINAL YEAR PROJECT\RASS\backend\Controllers\TransportersController.cs(198,31): warning CS8602: Dereference of a possibly null reference. [D:\Desktop\AUCA\FINAL YEAR PROJECT\RASS\backend\Rass.Api.csproj]
D:\Desktop\AUCA\FINAL YEAR PROJECT\RASS\backend\Controllers\TransportersController.cs(271,31): warning CS8602: Dereference of a possibly null reference. [D:\Desktop\AUCA\FINAL YEAR PROJECT\RASS\backend\Rass.Api.csproj]
D:\Desktop\AUCA\FINAL YEAR PROJECT\RASS\backend\Controllers\PaymentsController.cs(119,31): warning CS8602: Dereference of a possibly null reference. [D:\Desktop\AUCA\FINAL YEAR PROJECT\RASS\backend\Rass.Api.csproj]
D:\Desktop\AUCA\FINAL YEAR PROJECT\RASS\backend\Controllers\PaymentsController.cs(133,21): warning CS8602: Dereference of a possibly null reference. [D:\Desktop\AUCA\FINAL YEAR PROJECT\RASS\backend\Rass.Api.csproj]
D:\Desktop\AUCA\FINAL YEAR PROJECT\RASS\backend\Controllers\GovernmentController.cs(189,35): warning CS8602: Dereference of a possibly null reference. [D:\Desktop\AUCA\FINAL YEAR PROJECT\RASS\backend\Rass.Api.csproj]
D:\Desktop\AUCA\FINAL YEAR PROJECT\RASS\backend\Controllers\CooperativeController.cs(250,29): error CS1061: 'Lot' does not contain a definition for 'LotContributions' and no accessible extension method 'LotContributions' accepting a first argument of type 'Lot' could be found (are you missing a using directive or an assembly reference?) [D:\Desktop\AUCA\FINAL YEAR PROJECT\RASS\backend\Rass.Api.csproj]
D:\Desktop\AUCA\FINAL YEAR PROJECT\RASS\backend\Controllers\CooperativeController.cs(289,29): error CS1061: 'Lot' does not contain a definition for 'LotContributions' and no accessible extension method 'LotContributions' accepting a first argument of type 'Lot' could be found (are you missing a using directive or an assembly reference?) [D:\Desktop\AUCA\FINAL YEAR PROJECT\RASS\backend\Rass.Api.csproj]
    6 Warning(s)
    2 Error(s)

Time Elapsed 00:00:04.02
